"blank"			"=========================="
"blank"			"NOTFX CFG FEATURES"
"blank"			"=========================="
"prec_mark"		"Prec bookmark"
"toggle_voice"	"Toggle voice volume"
"toggle_idle"	"Toggle idle"
"sm_admin"		"Admin menu"
"spawntimes"	"Show spawn times"
"anticrits"		"Disable random crits"
"currentclass"	"Reload class config"
"classhelp"		"Show class help"
"fix_button"	"Fix button"
"killbind"		"Suicide"
"pause"			"Pause"


"blank"			"=========================="
"blank"			"NOTGFX HUD"
"blank"			"=========================="
"drawmodel_toggle" "Toggle drawmodel"
"colorswitch_toggle" "Toggle croshair colorswith"
"crosshair_file_toggle" "TF2/QL crosshair"
"toggle_netgraph" "Toggle netgraph"
"showpos_toggle" "Toggle showpos"
"mm"			"Toggle minmode"


"blank"			"=========================="
"blank"			"NOTGFX ROLLOUT"
"blank"			"=========================="
"rollout"		"Toggle rollout training mode"
"regeneration"	"Toggle hp/ammo regeneration"


"blank"			"=========================="
"blank"			"NOTGFX CONNECTION TYPE"
"blank"			"=========================="
"badnet"		"Bad internet"
"morenet"		"Middle internet"
"goodnet"		"Good internet"
"lan"			"LAN connection"


"blank"			"=========================="
"blank"			"#Valve_Movement_Title"
"blank"			"=========================="
"+mfwd"			"#Valve_Move_Forward"
"+mback"		"#Valve_Move_Back"
"+mleft"		"#Valve_Move_Left"
"+mright"		"#Valve_Move_Right"
"+jump"			"#Valve_Jump"
"+crouchjump"	"Crouch jump"
"+duck"			"#Valve_Duck"
"+moveup"		"#Valve_Swim_Up"
"+movedown"		"#Valve_Swim_Down"
"+lookup"		"#Valve_Look_Up"
"+lookdown"		"#Valve_Look_Down"


"blank"			"=========================="
"blank"			"#Valve_Communication_Title"
"blank"			"=========================="
"+voicerecord"	"#Valve_Use_Voice_Communication"
"say"			"#Valve_Chat_Message"
"say_team"		"#Valve_Team_Message"
"voice_menu_1"	"#TF_Voice_Menu_A"
"voice_menu_2"	"#TF_Voice_Menu_B"
"voice_menu_3"	"#TF_Voice_Menu_C"
"call_medic"	"#TF_Call_For_Medic"


"blank"			"=========================="
"blank"			"#TF_Title"
"blank"			"=========================="
"changeclass"	"#Valve_Change_Class"
"changeteam"	"#Valve_Change_Team"
"open_charinfo_direct" "#TF_Open_Charinfo"
"open_charinfo_backpack" "#TF_Open_Charinfo_Backpack"
"+quickswitch"	"#TF_Quickswitch"
"load_itempreset 0"	"#TF_LoadPreset0"
"load_itempreset 1"	"#TF_LoadPreset1"
"load_itempreset 2"	"#TF_LoadPreset2"
"load_itempreset 3"	"#TF_LoadPreset3"
"dropitem"		"#TF_DropFlag"
"+taunt"		"#TF_Taunt"
"lastinv"		"Disable taunt menu"
"+use_action_slot_item"	"#TF_Action"
"+context_action"	"#TF_Context_Action"
"showmapinfo"	"#TF_MapInfo"
"adv_spray"		"#TF_Inspect"
"callvote"		"#TF_call_vote"
"player_ready_toggle"	"#TF_Player_ReadyToggle"


"blank"			"=========================="
"blank"			"#TF_ClassSpecific_Keys"
"blank"			"=========================="
"+fire2"		"#TF_ClassSkill_Demoman"
"+fire2"		"#TF_ClassSkill_Heavy"
"+fire2"		"#TF_ClassSkill_Medic"
"+fire2"		"#TF_ClassSkill_Sniper"
"+m2_custom"	"#TF_ClassSkill_Spy"
"lastdisguise"	"#TF_ClassSkill_Spy_LastDisguise"
"disguiseteam"	"#TF_ClassSkill_Spy_DisguiseTeam"


"blank"			"=========================="
"blank"			"#Valve_Combat_Title"
"blank"			"=========================="
"+fire"			"#Valve_Primary_Attack"
"+specialreload""#Valve_Reload_Weapon"
"+fire3"		"#TF_Special_Attack"
"invprev"		"#Valve_Previous_Weapon"
"invnext"		"#Valve_Next_Weapon"
"+switcher"		"#Valve_Last_Weapon_Used"
"+primary"		"#Valve_Weapon_Category_1"
"+secondary"	"#Valve_Weapon_Category_2"
"+mele" 		"#Valve_Weapon_Category_3"
"+fourth"		"#Valve_Weapon_Category_4"
"+fifth"		"#Valve_Weapon_Category_5"
"slot6"			"#Valve_Weapon_Category_6"
"slot7"			"#Valve_Weapon_Category_7"
"slot8"			"#Valve_Weapon_Category_8"
"slot9"			"#Valve_Weapon_Category_9"
"slot10"		"#Valve_Weapon_Category_0"


"blank"			"=========================="
"blank"			"#Valve_Miscellaneous_Title"
"blank"			"=========================="
"impulse 201"	"#Valve_Spray_Logo"
"+scoreviewer"	"#Valve_Display_Scores"
"+showscores"	"Display scores on connect"
"screenshot"	"#Valve_Take_Screen_Shot"
"save_replay"	"#Replay_SaveReplay"
"abuse_report_queue"			"#AbuseReport_QueueCommandName"
"quit"			"#Valve_Quit_Game"
"toggleconsole"	"#Valve_Console_Toggle"
"askconnect_accept"	"#Valve_Accept_Redirect"
"cl_trigger_first_notification" "#TF_Notification_Trigger"
"cl_decline_first_notification" "#TF_Notification_Decline"


"blank"			"=========================="
"blank"			"NOTGFX NOTEBOOK MODE"
"blank"			"=========================="
"+notemode_1"	"First part of comands"
"+notemode_2"	"Second part of comands"